should create middleware redirections:
  1: |
    apiVersion: networking.k8s.io/v1
    kind: Ingress
    metadata:
      annotations:
        cert-manager.io/cluster-issuer: letsencrypt-prod
        traefik.ingress.kubernetes.io/router.middlewares: traefik-test-generic-app-redirect-to-crty-dev@kubernetescrd,traefik-redirect-to-https@kubernetescrd
      name: test-generic-app
    spec:
      ingressClassName: traefik
      rules:
        - host: crty.dev
          http:
            paths:
              - backend:
                  service:
                    name: test-generic-app
                    port:
                      number: 80
                path: /
                pathType: Prefix
        - host: www.crty.dev
          http:
            paths:
              - backend:
                  service:
                    name: test-generic-app
                    port:
                      number: 80
                path: /
                pathType: Prefix
        - host: www.crty.com
          http:
            paths:
              - backend:
                  service:
                    name: test-generic-app
                    port:
                      number: 80
                path: /
                pathType: Prefix
        - host: crty.com
          http:
            paths:
              - backend:
                  service:
                    name: test-generic-app
                    port:
                      number: 80
                path: /
                pathType: Prefix
      tls:
        - hosts:
            - crty.dev
            - www.crty.dev
            - www.crty.com
            - crty.com
          secretName: test-generic-app-cert
  2: |
    apiVersion: traefik.io/v1alpha1
    kind: Middleware
    metadata:
      labels:
        app.kubernetes.io/instance: test
        app.kubernetes.io/managed-by: Helm
        app.kubernetes.io/name: generic-app
        helm.sh/chart: generic-app-0.1.0
      name: test-generic-app-redirect-to-crty-dev
      namespace: traefik
    spec:
      redirectRegex:
        permanent: true
        regex: ^https?://(www\.crty\.dev|www\.crty\.com|crty\.com)(/.*)
        replacement: https://crty.dev$2
should have ingress:
  1: |
    apiVersion: networking.k8s.io/v1
    kind: Ingress
    metadata:
      annotations:
        cert-manager.io/cluster-issuer: letsencrypt-prod
        traefik.ingress.kubernetes.io/router.middlewares: traefik-redirect-to-https@kubernetescrd
      name: test-generic-app
    spec:
      ingressClassName: traefik
      rules:
        - host: test.awstudio.cloud
          http:
            paths:
              - backend:
                  service:
                    name: test-generic-app
                    port:
                      number: 80
                path: /
                pathType: Prefix
      tls:
        - hosts:
            - test.awstudio.cloud
          secretName: test-generic-app-cert
should ingress with keycloak middleware annotation:
  1: |
    apiVersion: networking.k8s.io/v1
    kind: Ingress
    metadata:
      annotations:
        cert-manager.io/cluster-issuer: letsencrypt-prod
        traefik.ingress.kubernetes.io/router.middlewares: traefik-redirect-to-https@kubernetescrd,traefik-keycloakopenid@kubernetescrd
      name: test-generic-app
    spec:
      ingressClassName: traefik
      rules:
        - host: hello-world.com
          http:
            paths:
              - backend:
                  service:
                    name: test-generic-app
                    port:
                      number: 80
                path: /
                pathType: Prefix
      tls:
        - hosts:
            - hello-world.com
          secretName: test-generic-app-cert
